Analysis & Synthesis report for control_controller
Wed Aug 26 18:05:41 2026
Quartus Prime Version 25.1std.0 Build 1129 10/21/2025 SC Lite Edition


---------------------
; Table of Contents ;
---------------------
  1. Legal Notice
  2. Analysis & Synthesis Summary
  3. Analysis & Synthesis Settings
  4. Parallel Compilation
  5. Analysis & Synthesis Source Files Read
  6. Analysis & Synthesis Resource Usage Summary
  7. Analysis & Synthesis Resource Utilization by Entity
  8. Registers Removed During Synthesis
  9. General Register Statistics
 10. Inverted Register Statistics
 11. Multiplexer Restructuring Statistics (Restructuring Performed)
 12. Parameter Settings for User Entity Instance: clock_divider:u_clk_div
 13. Port Connectivity Checks: "counter_controller:u_counter_ctrl|leap_year_detector:my_leap|hundreds_thousands_bin:my_hundreds_thousands_bin"
 14. Port Connectivity Checks: "clock_divider:u_clk_div"
 15. Post-Synthesis Netlist Statistics for Top Partition
 16. Elapsed Time Per Partition
 17. Analysis & Synthesis Messages



----------------
; Legal Notice ;
----------------
Copyright (C) 2025  Altera Corporation. All rights reserved.
Your use of Altera Corporation's design tools, logic functions 
and other software and tools, and any partner logic 
functions, and any output files from any of the foregoing 
(including device programming or simulation files), and any 
associated documentation or information are expressly subject 
to the terms and conditions of the Altera Program License 
Subscription Agreement, the Altera Quartus Prime License Agreement,
the Altera IP License Agreement, or other applicable license
agreement, including, without limitation, that your use is for
the sole purpose of programming logic devices manufactured by
Altera and sold by Altera or its authorized distributors.  Please
refer to the Altera Software License Subscription Agreements 
on the Quartus Prime software download page.



+--------------------------------------------------------------------------------------+
; Analysis & Synthesis Summary                                                         ;
+------------------------------------+-------------------------------------------------+
; Analysis & Synthesis Status        ; Successful - Wed Aug 26 18:05:41 2026           ;
; Quartus Prime Version              ; 25.1std.0 Build 1129 10/21/2025 SC Lite Edition ;
; Revision Name                      ; control_controller                              ;
; Top-level Entity Name              ; control_controller                              ;
; Family                             ; Cyclone IV E                                    ;
; Total logic elements               ; 538                                             ;
;     Total combinational functions  ; 538                                             ;
;     Dedicated logic registers      ; 94                                              ;
; Total registers                    ; 94                                              ;
; Total pins                         ; 66                                              ;
; Total virtual pins                 ; 0                                               ;
; Total memory bits                  ; 0                                               ;
; Embedded Multiplier 9-bit elements ; 0                                               ;
; Total PLLs                         ; 0                                               ;
+------------------------------------+-------------------------------------------------+


+------------------------------------------------------------------------------------------------------------+
; Analysis & Synthesis Settings                                                                              ;
+------------------------------------------------------------------+--------------------+--------------------+
; Option                                                           ; Setting            ; Default Value      ;
+------------------------------------------------------------------+--------------------+--------------------+
; Device                                                           ; EP4CE115F29C7      ;                    ;
; Top-level entity name                                            ; control_controller ; control_controller ;
; Family name                                                      ; Cyclone IV E       ; Cyclone V          ;
; Use smart compilation                                            ; Off                ; Off                ;
; Enable parallel Assembler and Timing Analyzer during compilation ; On                 ; On                 ;
; Enable compact report table                                      ; Off                ; Off                ;
; Restructure Multiplexers                                         ; Auto               ; Auto               ;
; Create Debugging Nodes for IP Cores                              ; Off                ; Off                ;
; Preserve fewer node names                                        ; On                 ; On                 ;
; Intel FPGA IP Evaluation Mode                                    ; Enable             ; Enable             ;
; Verilog Version                                                  ; Verilog_2001       ; Verilog_2001       ;
; VHDL Version                                                     ; VHDL_1993          ; VHDL_1993          ;
; State Machine Processing                                         ; Auto               ; Auto               ;
; Safe State Machine                                               ; Off                ; Off                ;
; Extract Verilog State Machines                                   ; On                 ; On                 ;
; Extract VHDL State Machines                                      ; On                 ; On                 ;
; Ignore Verilog initial constructs                                ; Off                ; Off                ;
; Iteration limit for constant Verilog loops                       ; 5000               ; 5000               ;
; Iteration limit for non-constant Verilog loops                   ; 250                ; 250                ;
; Add Pass-Through Logic to Inferred RAMs                          ; On                 ; On                 ;
; Infer RAMs from Raw Logic                                        ; On                 ; On                 ;
; Parallel Synthesis                                               ; On                 ; On                 ;
; DSP Block Balancing                                              ; Auto               ; Auto               ;
; NOT Gate Push-Back                                               ; On                 ; On                 ;
; Power-Up Don't Care                                              ; On                 ; On                 ;
; Remove Redundant Logic Cells                                     ; Off                ; Off                ;
; Remove Duplicate Registers                                       ; On                 ; On                 ;
; Ignore CARRY Buffers                                             ; Off                ; Off                ;
; Ignore CASCADE Buffers                                           ; Off                ; Off                ;
; Ignore GLOBAL Buffers                                            ; Off                ; Off                ;
; Ignore ROW GLOBAL Buffers                                        ; Off                ; Off                ;
; Ignore LCELL Buffers                                             ; Off                ; Off                ;
; Ignore SOFT Buffers                                              ; On                 ; On                 ;
; Limit AHDL Integers to 32 Bits                                   ; Off                ; Off                ;
; Optimization Technique                                           ; Balanced           ; Balanced           ;
; Carry Chain Length                                               ; 70                 ; 70                 ;
; Auto Carry Chains                                                ; On                 ; On                 ;
; Auto Open-Drain Pins                                             ; On                 ; On                 ;
; Perform WYSIWYG Primitive Resynthesis                            ; Off                ; Off                ;
; Auto ROM Replacement                                             ; On                 ; On                 ;
; Auto RAM Replacement                                             ; On                 ; On                 ;
; Auto DSP Block Replacement                                       ; On                 ; On                 ;
; Auto Shift Register Replacement                                  ; Auto               ; Auto               ;
; Allow Shift Register Merging across Hierarchies                  ; Auto               ; Auto               ;
; Auto Clock Enable Replacement                                    ; On                 ; On                 ;
; Strict RAM Replacement                                           ; Off                ; Off                ;
; Allow Synchronous Control Signals                                ; On                 ; On                 ;
; Force Use of Synchronous Clear Signals                           ; Off                ; Off                ;
; Auto RAM Block Balancing                                         ; On                 ; On                 ;
; Auto RAM to Logic Cell Conversion                                ; Off                ; Off                ;
; Auto Resource Sharing                                            ; Off                ; Off                ;
; Allow Any RAM Size For Recognition                               ; Off                ; Off                ;
; Allow Any ROM Size For Recognition                               ; Off                ; Off                ;
; Allow Any Shift Register Size For Recognition                    ; Off                ; Off                ;
; Use LogicLock Constraints during Resource Balancing              ; On                 ; On                 ;
; Ignore translate_off and synthesis_off directives                ; Off                ; Off                ;
; Timing-Driven Synthesis                                          ; On                 ; On                 ;
; Report Parameter Settings                                        ; On                 ; On                 ;
; Report Source Assignments                                        ; On                 ; On                 ;
; Report Connectivity Checks                                       ; On                 ; On                 ;
; Ignore Maximum Fan-Out Assignments                               ; Off                ; Off                ;
; Synchronization Register Chain Length                            ; 2                  ; 2                  ;
; Power Optimization During Synthesis                              ; Normal compilation ; Normal compilation ;
; HDL message level                                                ; Level2             ; Level2             ;
; Suppress Register Optimization Related Messages                  ; Off                ; Off                ;
; Number of Removed Registers Reported in Synthesis Report         ; 5000               ; 5000               ;
; Number of Swept Nodes Reported in Synthesis Report               ; 5000               ; 5000               ;
; Number of Inverted Registers Reported in Synthesis Report        ; 100                ; 100                ;
; Clock MUX Protection                                             ; On                 ; On                 ;
; Auto Gated Clock Conversion                                      ; Off                ; Off                ;
; Block Design Naming                                              ; Auto               ; Auto               ;
; SDC constraint protection                                        ; Off                ; Off                ;
; Synthesis Effort                                                 ; Auto               ; Auto               ;
; Shift Register Replacement - Allow Asynchronous Clear Signal     ; On                 ; On                 ;
; Pre-Mapping Resynthesis Optimization                             ; Off                ; Off                ;
; Analysis & Synthesis Message Level                               ; Medium             ; Medium             ;
; Disable Register Merging Across Hierarchies                      ; Auto               ; Auto               ;
; Resource Aware Inference For Block RAM                           ; On                 ; On                 ;
+------------------------------------------------------------------+--------------------+--------------------+


+------------------------------------------+
; Parallel Compilation                     ;
+----------------------------+-------------+
; Processors                 ; Number      ;
+----------------------------+-------------+
; Number detected on machine ; 20          ;
; Maximum allowed            ; 14          ;
;                            ;             ;
; Average used               ; 1.00        ;
; Maximum used               ; 14          ;
;                            ;             ;
; Usage by Processor         ; % Time Used ;
;     Processor 1            ; 100.0%      ;
;     Processors 2-14        ;   0.0%      ;
+----------------------------+-------------+


+---------------------------------------------------------------------------------------------------------------------------------------------------------------+
; Analysis & Synthesis Source Files Read                                                                                                                        ;
+-----------------------------------------+-----------------+------------------------+----------------------------------------------------------------+---------+
; File Name with User-Entered Path        ; Used in Netlist ; File Type              ; File Name with Absolute Path                                   ; Library ;
+-----------------------------------------+-----------------+------------------------+----------------------------------------------------------------+---------+
; display/blink_selector.v                ; yes             ; User Verilog HDL File  ; D:/clock_verify/BT_TKS/display/blink_selector.v                ;         ;
; century_clock_main/year_counter.v       ; yes             ; User Verilog HDL File  ; D:/clock_verify/BT_TKS/century_clock_main/year_counter.v       ;         ;
; century_clock_main/sec_counter.v        ; yes             ; User Verilog HDL File  ; D:/clock_verify/BT_TKS/century_clock_main/sec_counter.v        ;         ;
; century_clock_main/month_counter.v      ; yes             ; User Verilog HDL File  ; D:/clock_verify/BT_TKS/century_clock_main/month_counter.v      ;         ;
; century_clock_main/min_counter.v        ; yes             ; User Verilog HDL File  ; D:/clock_verify/BT_TKS/century_clock_main/min_counter.v        ;         ;
; century_clock_main/leap_year_detector.v ; yes             ; User Verilog HDL File  ; D:/clock_verify/BT_TKS/century_clock_main/leap_year_detector.v ;         ;
; century_clock_main/hour_counter.v       ; yes             ; User Verilog HDL File  ; D:/clock_verify/BT_TKS/century_clock_main/hour_counter.v       ;         ;
; century_clock_main/day_counter.v        ; yes             ; User Verilog HDL File  ; D:/clock_verify/BT_TKS/century_clock_main/day_counter.v        ;         ;
; century_clock_main/counter_controller.v ; yes             ; User Verilog HDL File  ; D:/clock_verify/BT_TKS/century_clock_main/counter_controller.v ;         ;
; control2/edit_field_selector.v          ; yes             ; User Verilog HDL File  ; D:/clock_verify/BT_TKS/control2/edit_field_selector.v          ;         ;
; control2/control_controller.v           ; yes             ; User Verilog HDL File  ; D:/clock_verify/BT_TKS/control2/control_controller.v           ;         ;
; control2/clock_divider.v                ; yes             ; User Verilog HDL File  ; D:/clock_verify/BT_TKS/control2/clock_divider.v                ;         ;
; control2/btn_handler.v                  ; yes             ; User Verilog HDL File  ; D:/clock_verify/BT_TKS/control2/btn_handler.v                  ;         ;
; display/display_mode_manager.v          ; yes             ; User Verilog HDL File  ; D:/clock_verify/BT_TKS/display/display_mode_manager.v          ;         ;
; display/display_controller.v            ; yes             ; User Verilog HDL File  ; D:/clock_verify/BT_TKS/display/display_controller.v            ;         ;
; display/digit_selector.v                ; yes             ; User Verilog HDL File  ; D:/clock_verify/BT_TKS/display/digit_selector.v                ;         ;
; display/blink_mask_applier.v            ; yes             ; User Verilog HDL File  ; D:/clock_verify/BT_TKS/display/blink_mask_applier.v            ;         ;
; display/bcd_to_7seg.v                   ; yes             ; User Verilog HDL File  ; D:/clock_verify/BT_TKS/display/bcd_to_7seg.v                   ;         ;
+-----------------------------------------+-----------------+------------------------+----------------------------------------------------------------+---------+


+---------------------------------------------------------------+
; Analysis & Synthesis Resource Usage Summary                   ;
+---------------------------------------------+-----------------+
; Resource                                    ; Usage           ;
+---------------------------------------------+-----------------+
; Estimated Total logic elements              ; 538             ;
;                                             ;                 ;
; Total combinational functions               ; 538             ;
; Logic element usage by number of LUT inputs ;                 ;
;     -- 4 input functions                    ; 292             ;
;     -- 3 input functions                    ; 77              ;
;     -- <=2 input functions                  ; 169             ;
;                                             ;                 ;
; Logic elements by mode                      ;                 ;
;     -- normal mode                          ; 445             ;
;     -- arithmetic mode                      ; 93              ;
;                                             ;                 ;
; Total registers                             ; 94              ;
;     -- Dedicated logic registers            ; 94              ;
;     -- I/O registers                        ; 0               ;
;                                             ;                 ;
; I/O pins                                    ; 66              ;
;                                             ;                 ;
; Embedded Multiplier 9-bit elements          ; 0               ;
;                                             ;                 ;
; Maximum fan-out node                        ; clk_50MHz~input ;
; Maximum fan-out                             ; 94              ;
; Total fan-out                               ; 2173            ;
; Average fan-out                             ; 2.84            ;
+---------------------------------------------+-----------------+


+---------------------------------------------------------------------------------------------------------------------------------------------------------------------------------------------------------------------------------------------------------------------------------------------------+
; Analysis & Synthesis Resource Utilization by Entity                                                                                                                                                                                                                                               ;
+-------------------------------------------+---------------------+---------------------------+-------------+--------------+---------+-----------+------+--------------+--------------------------------------------------------------------------------------+----------------------+--------------+
; Compilation Hierarchy Node                ; Combinational ALUTs ; Dedicated Logic Registers ; Memory Bits ; DSP Elements ; DSP 9x9 ; DSP 18x18 ; Pins ; Virtual Pins ; Full Hierarchy Name                                                                  ; Entity Name          ; Library Name ;
+-------------------------------------------+---------------------+---------------------------+-------------+--------------+---------+-----------+------+--------------+--------------------------------------------------------------------------------------+----------------------+--------------+
; |control_controller                       ; 538 (1)             ; 94 (0)                    ; 0           ; 0            ; 0       ; 0         ; 66   ; 0            ; |control_controller                                                                  ; control_controller   ; work         ;
;    |blink_selector:u_blink_sel|           ; 6 (6)               ; 1 (1)                     ; 0           ; 0            ; 0       ; 0         ; 0    ; 0            ; |control_controller|blink_selector:u_blink_sel                                       ; blink_selector       ; work         ;
;    |btn_handler:u_btn_down|               ; 12 (12)             ; 9 (9)                     ; 0           ; 0            ; 0       ; 0         ; 0    ; 0            ; |control_controller|btn_handler:u_btn_down                                           ; btn_handler          ; work         ;
;    |btn_handler:u_btn_up|                 ; 13 (13)             ; 9 (9)                     ; 0           ; 0            ; 0       ; 0         ; 0    ; 0            ; |control_controller|btn_handler:u_btn_up                                             ; btn_handler          ; work         ;
;    |clock_divider:u_clk_div|              ; 55 (55)             ; 34 (34)                   ; 0           ; 0            ; 0       ; 0         ; 0    ; 0            ; |control_controller|clock_divider:u_clk_div                                          ; clock_divider        ; work         ;
;    |counter_controller:u_counter_ctrl|    ; 290 (15)            ; 40 (0)                    ; 0           ; 0            ; 0       ; 0         ; 0    ; 0            ; |control_controller|counter_controller:u_counter_ctrl                                ; counter_controller   ; work         ;
;       |day_counter:my_day|                ; 46 (46)             ; 5 (5)                     ; 0           ; 0            ; 0       ; 0         ; 0    ; 0            ; |control_controller|counter_controller:u_counter_ctrl|day_counter:my_day             ; day_counter          ; work         ;
;       |hour_counter:my_hr|                ; 21 (21)             ; 5 (5)                     ; 0           ; 0            ; 0       ; 0         ; 0    ; 0            ; |control_controller|counter_controller:u_counter_ctrl|hour_counter:my_hr             ; hour_counter         ; work         ;
;       |min_counter:my_min|                ; 26 (26)             ; 6 (6)                     ; 0           ; 0            ; 0       ; 0         ; 0    ; 0            ; |control_controller|counter_controller:u_counter_ctrl|min_counter:my_min             ; min_counter          ; work         ;
;       |month_counter:my_month|            ; 8 (8)               ; 4 (4)                     ; 0           ; 0            ; 0       ; 0         ; 0    ; 0            ; |control_controller|counter_controller:u_counter_ctrl|month_counter:my_month         ; month_counter        ; work         ;
;       |sec_counter:my_sec|                ; 26 (26)             ; 6 (6)                     ; 0           ; 0            ; 0       ; 0         ; 0    ; 0            ; |control_controller|counter_controller:u_counter_ctrl|sec_counter:my_sec             ; sec_counter          ; work         ;
;       |year_counter:my_year|              ; 148 (148)           ; 14 (14)                   ; 0           ; 0            ; 0       ; 0         ; 0    ; 0            ; |control_controller|counter_controller:u_counter_ctrl|year_counter:my_year           ; year_counter         ; work         ;
;    |display_controller:u_disp_ctrl|       ; 154 (0)             ; 0 (0)                     ; 0           ; 0            ; 0       ; 0         ; 0    ; 0            ; |control_controller|display_controller:u_disp_ctrl                                   ; display_controller   ; work         ;
;       |bcd_to_7seg:my_seg0|               ; 7 (7)               ; 0 (0)                     ; 0           ; 0            ; 0       ; 0         ; 0    ; 0            ; |control_controller|display_controller:u_disp_ctrl|bcd_to_7seg:my_seg0               ; bcd_to_7seg          ; work         ;
;       |bcd_to_7seg:my_seg1|               ; 7 (7)               ; 0 (0)                     ; 0           ; 0            ; 0       ; 0         ; 0    ; 0            ; |control_controller|display_controller:u_disp_ctrl|bcd_to_7seg:my_seg1               ; bcd_to_7seg          ; work         ;
;       |bcd_to_7seg:my_seg2|               ; 7 (7)               ; 0 (0)                     ; 0           ; 0            ; 0       ; 0         ; 0    ; 0            ; |control_controller|display_controller:u_disp_ctrl|bcd_to_7seg:my_seg2               ; bcd_to_7seg          ; work         ;
;       |bcd_to_7seg:my_seg3|               ; 7 (7)               ; 0 (0)                     ; 0           ; 0            ; 0       ; 0         ; 0    ; 0            ; |control_controller|display_controller:u_disp_ctrl|bcd_to_7seg:my_seg3               ; bcd_to_7seg          ; work         ;
;       |bcd_to_7seg:my_seg4|               ; 7 (7)               ; 0 (0)                     ; 0           ; 0            ; 0       ; 0         ; 0    ; 0            ; |control_controller|display_controller:u_disp_ctrl|bcd_to_7seg:my_seg4               ; bcd_to_7seg          ; work         ;
;       |bcd_to_7seg:my_seg6|               ; 7 (7)               ; 0 (0)                     ; 0           ; 0            ; 0       ; 0         ; 0    ; 0            ; |control_controller|display_controller:u_disp_ctrl|bcd_to_7seg:my_seg6               ; bcd_to_7seg          ; work         ;
;       |blink_mask_applier:my_blink_apply| ; 56 (56)             ; 0 (0)                     ; 0           ; 0            ; 0       ; 0         ; 0    ; 0            ; |control_controller|display_controller:u_disp_ctrl|blink_mask_applier:my_blink_apply ; blink_mask_applier   ; work         ;
;       |digit_selector:my_digit_sel|       ; 56 (56)             ; 0 (0)                     ; 0           ; 0            ; 0       ; 0         ; 0    ; 0            ; |control_controller|display_controller:u_disp_ctrl|digit_selector:my_digit_sel       ; digit_selector       ; work         ;
;    |display_mode_manager:u_disp_mode|     ; 1 (1)               ; 1 (1)                     ; 0           ; 0            ; 0       ; 0         ; 0    ; 0            ; |control_controller|display_mode_manager:u_disp_mode                                 ; display_mode_manager ; work         ;
;    |edit_field_selector:u_field_selector| ; 6 (6)               ; 0 (0)                     ; 0           ; 0            ; 0       ; 0         ; 0    ; 0            ; |control_controller|edit_field_selector:u_field_selector                             ; edit_field_selector  ; work         ;
+-------------------------------------------+---------------------+---------------------------+-------------+--------------+---------+-----------+------+--------------+--------------------------------------------------------------------------------------+----------------------+--------------+
Note: For table entries with two numbers listed, the numbers in parentheses indicate the number of resources of the given type used by the specific entity alone. The numbers listed outside of parentheses indicate the total resources of the given type used by the specific entity and all of its sub-entities in the hierarchy.


+-----------------------------------------------------------------------------------------------+
; Registers Removed During Synthesis                                                            ;
+------------------------------------------+----------------------------------------------------+
; Register name                            ; Reason for Removal                                 ;
+------------------------------------------+----------------------------------------------------+
; clock_divider:u_clk_div|counter_blink[0] ; Merged with clock_divider:u_clk_div|counter_1hz[0] ;
; Total Number of Removed Registers = 1    ;                                                    ;
+------------------------------------------+----------------------------------------------------+


+------------------------------------------------------+
; General Register Statistics                          ;
+----------------------------------------------+-------+
; Statistic                                    ; Value ;
+----------------------------------------------+-------+
; Total registers                              ; 94    ;
; Number of registers using Synchronous Clear  ; 4     ;
; Number of registers using Synchronous Load   ; 4     ;
; Number of registers using Asynchronous Clear ; 76    ;
; Number of registers using Asynchronous Load  ; 0     ;
; Number of registers using Clock Enable       ; 54    ;
; Number of registers using Preset             ; 0     ;
+----------------------------------------------+-------+


+-----------------------------------------------------------------------------+
; Inverted Register Statistics                                                ;
+-------------------------------------------------------------------+---------+
; Inverted Register                                                 ; Fan out ;
+-------------------------------------------------------------------+---------+
; counter_controller:u_counter_ctrl|year_counter:my_year|year[1]    ; 10      ;
; counter_controller:u_counter_ctrl|year_counter:my_year|year[5]    ; 7       ;
; counter_controller:u_counter_ctrl|year_counter:my_year|year[10]   ; 10      ;
; counter_controller:u_counter_ctrl|year_counter:my_year|year[9]    ; 9       ;
; counter_controller:u_counter_ctrl|year_counter:my_year|year[8]    ; 9       ;
; counter_controller:u_counter_ctrl|year_counter:my_year|year[7]    ; 8       ;
; counter_controller:u_counter_ctrl|year_counter:my_year|year[6]    ; 7       ;
; counter_controller:u_counter_ctrl|year_counter:my_year|year[3]    ; 8       ;
; blink_selector:u_blink_sel|blink_state                            ; 5       ;
; counter_controller:u_counter_ctrl|month_counter:my_month|month[0] ; 9       ;
; counter_controller:u_counter_ctrl|day_counter:my_day|day[0]       ; 7       ;
; Total number of inverted registers = 11                           ;         ;
+-------------------------------------------------------------------+---------+


+------------------------------------------------------------------------------------------------------------------------------------------------------------------------------------------------------+
; Multiplexer Restructuring Statistics (Restructuring Performed)                                                                                                                                       ;
+--------------------+-----------+---------------+----------------------+------------------------+------------+----------------------------------------------------------------------------------------+
; Multiplexer Inputs ; Bus Width ; Baseline Area ; Area if Restructured ; Saving if Restructured ; Registered ; Example Multiplexer Output                                                             ;
+--------------------+-----------+---------------+----------------------+------------------------+------------+----------------------------------------------------------------------------------------+
; 5:1                ; 6 bits    ; 18 LEs        ; 12 LEs               ; 6 LEs                  ; Yes        ; |control_controller|counter_controller:u_counter_ctrl|year_counter:my_year|year[4]     ;
; 5:1                ; 6 bits    ; 18 LEs        ; 12 LEs               ; 6 LEs                  ; Yes        ; |control_controller|counter_controller:u_counter_ctrl|sec_counter:my_sec|sec[1]        ;
; 5:1                ; 3 bits    ; 9 LEs         ; 6 LEs                ; 3 LEs                  ; Yes        ; |control_controller|counter_controller:u_counter_ctrl|month_counter:my_month|month[1]  ;
; 5:1                ; 6 bits    ; 18 LEs        ; 12 LEs               ; 6 LEs                  ; Yes        ; |control_controller|counter_controller:u_counter_ctrl|min_counter:my_min|min[1]        ;
; 5:1                ; 5 bits    ; 15 LEs        ; 10 LEs               ; 5 LEs                  ; Yes        ; |control_controller|counter_controller:u_counter_ctrl|hour_counter:my_hr|hour[3]       ;
; 5:1                ; 4 bits    ; 12 LEs        ; 4 LEs                ; 8 LEs                  ; Yes        ; |control_controller|btn_handler:u_btn_down|stable_cnt[2]                               ;
; 5:1                ; 4 bits    ; 12 LEs        ; 4 LEs                ; 8 LEs                  ; Yes        ; |control_controller|btn_handler:u_btn_up|stable_cnt[2]                                 ;
; 7:1                ; 3 bits    ; 12 LEs        ; 6 LEs                ; 6 LEs                  ; Yes        ; |control_controller|counter_controller:u_counter_ctrl|day_counter:my_day|day[4]        ;
; 5:1                ; 8 bits    ; 24 LEs        ; 16 LEs               ; 8 LEs                  ; Yes        ; |control_controller|counter_controller:u_counter_ctrl|year_counter:my_year|year[10]    ;
; 5:1                ; 2 bits    ; 6 LEs         ; 6 LEs                ; 0 LEs                  ; No         ; |control_controller|display_controller:u_disp_ctrl|digit_selector:my_digit_sel|dig5[2] ;
; 6:1                ; 2 bits    ; 8 LEs         ; 8 LEs                ; 0 LEs                  ; No         ; |control_controller|display_controller:u_disp_ctrl|digit_selector:my_digit_sel|dig3[2] ;
+--------------------+-----------+---------------+----------------------+------------------------+------------+----------------------------------------------------------------------------------------+


+----------------------------------------------------------------------+
; Parameter Settings for User Entity Instance: clock_divider:u_clk_div ;
+----------------+----------+------------------------------------------+
; Parameter Name ; Value    ; Type                                     ;
+----------------+----------+------------------------------------------+
; clk_f          ; 50000000 ; Signed Integer                           ;
+----------------+----------+------------------------------------------+
Note: In order to hide this table in the UI and the text report file, please set the "Show Parameter Settings in Synthesis Report" option in "Analysis and Synthesis Settings -> More Settings" to "Off".


+-------------------------------------------------------------------------------------------------------------------------------------------+
; Port Connectivity Checks: "counter_controller:u_counter_ctrl|leap_year_detector:my_leap|hundreds_thousands_bin:my_hundreds_thousands_bin" ;
+---------------------+--------+----------+-------------------------------------------------------------------------------------------------+
; Port                ; Type   ; Severity ; Details                                                                                         ;
+---------------------+--------+----------+-------------------------------------------------------------------------------------------------+
; binary_2digit[6..2] ; Output ; Info     ; Connected to dangling logic. Logic that only feeds a dangling port will be removed.             ;
+---------------------+--------+----------+-------------------------------------------------------------------------------------------------+


+---------------------------------------------------------------------------------------------------------------------+
; Port Connectivity Checks: "clock_divider:u_clk_div"                                                                 ;
+-----------+--------+----------+-------------------------------------------------------------------------------------+
; Port      ; Type   ; Severity ; Details                                                                             ;
+-----------+--------+----------+-------------------------------------------------------------------------------------+
; tick_1min ; Output ; Info     ; Connected to dangling logic. Logic that only feeds a dangling port will be removed. ;
+-----------+--------+----------+-------------------------------------------------------------------------------------+


+-----------------------------------------------------+
; Post-Synthesis Netlist Statistics for Top Partition ;
+-----------------------+-----------------------------+
; Type                  ; Count                       ;
+-----------------------+-----------------------------+
; boundary_port         ; 66                          ;
; cycloneiii_ff         ; 94                          ;
;     CLR               ; 29                          ;
;     CLR SLD           ; 1                           ;
;     ENA               ; 8                           ;
;     ENA CLR           ; 43                          ;
;     ENA CLR SLD       ; 3                           ;
;     SCLR              ; 4                           ;
;     plain             ; 6                           ;
; cycloneiii_lcell_comb ; 540                         ;
;     arith             ; 93                          ;
;         2 data inputs ; 90                          ;
;         3 data inputs ; 3                           ;
;     normal            ; 447                         ;
;         0 data inputs ; 1                           ;
;         1 data inputs ; 16                          ;
;         2 data inputs ; 64                          ;
;         3 data inputs ; 74                          ;
;         4 data inputs ; 292                         ;
;                       ;                             ;
; Max LUT depth         ; 19.00                       ;
; Average LUT depth     ; 7.94                        ;
+-----------------------+-----------------------------+


+-------------------------------+
; Elapsed Time Per Partition    ;
+----------------+--------------+
; Partition Name ; Elapsed Time ;
+----------------+--------------+
; Top            ; 00:00:03     ;
+----------------+--------------+


+-------------------------------+
; Analysis & Synthesis Messages ;
+-------------------------------+
Info: *******************************************************************
Info: Running Quartus Prime Analysis & Synthesis
    Info: Version 25.1std.0 Build 1129 10/21/2025 SC Lite Edition
    Info: Processing started: Wed Aug 26 18:05:31 2026
Info: Command: quartus_map --read_settings_files=on --write_settings_files=off control_controller -c control_controller
Warning (18236): Number of processors has not been specified which may cause overloading on shared machines.  Set the global assignment NUM_PARALLEL_PROCESSORS in your QSF to an appropriate value for best performance.
Info (20030): Parallel compilation is enabled and will use 14 of the 14 processors detected
Info (12021): Found 1 design units, including 1 entities, in source file display/blink_selector.v
    Info (12023): Found entity 1: blink_selector File: D:/clock_verify/BT_TKS/display/blink_selector.v Line: 5
Info (12021): Found 1 design units, including 1 entities, in source file century_clock_main/year_counter.v
    Info (12023): Found entity 1: year_counter File: D:/clock_verify/BT_TKS/century_clock_main/year_counter.v Line: 3
Info (12021): Found 1 design units, including 1 entities, in source file century_clock_main/sec_counter.v
    Info (12023): Found entity 1: sec_counter File: D:/clock_verify/BT_TKS/century_clock_main/sec_counter.v Line: 4
Info (12021): Found 1 design units, including 1 entities, in source file century_clock_main/month_counter.v
    Info (12023): Found entity 1: month_counter File: D:/clock_verify/BT_TKS/century_clock_main/month_counter.v Line: 3
Info (12021): Found 1 design units, including 1 entities, in source file century_clock_main/min_counter.v
    Info (12023): Found entity 1: min_counter File: D:/clock_verify/BT_TKS/century_clock_main/min_counter.v Line: 3
Info (12021): Found 2 design units, including 2 entities, in source file century_clock_main/leap_year_detector.v
    Info (12023): Found entity 1: hundreds_thousands_bin File: D:/clock_verify/BT_TKS/century_clock_main/leap_year_detector.v Line: 4
    Info (12023): Found entity 2: leap_year_detector File: D:/clock_verify/BT_TKS/century_clock_main/leap_year_detector.v Line: 14
Info (12021): Found 1 design units, including 1 entities, in source file century_clock_main/hour_counter.v
    Info (12023): Found entity 1: hour_counter File: D:/clock_verify/BT_TKS/century_clock_main/hour_counter.v Line: 3
Info (12021): Found 1 design units, including 1 entities, in source file century_clock_main/day_counter.v
    Info (12023): Found entity 1: day_counter File: D:/clock_verify/BT_TKS/century_clock_main/day_counter.v Line: 2
Info (12021): Found 1 design units, including 1 entities, in source file century_clock_main/counter_controller.v
    Info (12023): Found entity 1: counter_controller File: D:/clock_verify/BT_TKS/century_clock_main/counter_controller.v Line: 1
Info (12021): Found 1 design units, including 1 entities, in source file control2/edit_field_selector.v
    Info (12023): Found entity 1: edit_field_selector File: D:/clock_verify/BT_TKS/control2/edit_field_selector.v Line: 1
Info (12021): Found 1 design units, including 1 entities, in source file control2/control_controller.v
    Info (12023): Found entity 1: control_controller File: D:/clock_verify/BT_TKS/control2/control_controller.v Line: 1
Info (12021): Found 1 design units, including 1 entities, in source file control2/clock_divider.v
    Info (12023): Found entity 1: clock_divider File: D:/clock_verify/BT_TKS/control2/clock_divider.v Line: 1
Info (12021): Found 1 design units, including 1 entities, in source file control2/btn_handler.v
    Info (12023): Found entity 1: btn_handler File: D:/clock_verify/BT_TKS/control2/btn_handler.v Line: 1
Info (12021): Found 1 design units, including 1 entities, in source file display/display_mode_manager.v
    Info (12023): Found entity 1: display_mode_manager File: D:/clock_verify/BT_TKS/display/display_mode_manager.v Line: 5
Info (12021): Found 1 design units, including 1 entities, in source file display/display_controller.v
    Info (12023): Found entity 1: display_controller File: D:/clock_verify/BT_TKS/display/display_controller.v Line: 11
Info (12021): Found 1 design units, including 1 entities, in source file display/digit_selector.v
    Info (12023): Found entity 1: digit_selector File: D:/clock_verify/BT_TKS/display/digit_selector.v Line: 5
Info (12021): Found 1 design units, including 1 entities, in source file display/blink_mask_applier.v
    Info (12023): Found entity 1: blink_mask_applier File: D:/clock_verify/BT_TKS/display/blink_mask_applier.v Line: 5
Info (12021): Found 1 design units, including 1 entities, in source file display/bcd_to_7seg.v
    Info (12023): Found entity 1: bcd_to_7seg File: D:/clock_verify/BT_TKS/display/bcd_to_7seg.v Line: 4
Info (12127): Elaborating entity "control_controller" for the top level hierarchy
Info (12128): Elaborating entity "clock_divider" for hierarchy "clock_divider:u_clk_div" File: D:/clock_verify/BT_TKS/control2/control_controller.v Line: 36
Warning (10230): Verilog HDL assignment warning at clock_divider.v(33): truncated value with size 32 to match size of target (19) File: D:/clock_verify/BT_TKS/control2/clock_divider.v Line: 33
Warning (10230): Verilog HDL assignment warning at clock_divider.v(54): truncated value with size 32 to match size of target (7) File: D:/clock_verify/BT_TKS/control2/clock_divider.v Line: 54
Warning (10230): Verilog HDL assignment warning at clock_divider.v(73): truncated value with size 32 to match size of target (6) File: D:/clock_verify/BT_TKS/control2/clock_divider.v Line: 73
Warning (10230): Verilog HDL assignment warning at clock_divider.v(96): truncated value with size 32 to match size of target (6) File: D:/clock_verify/BT_TKS/control2/clock_divider.v Line: 96
Info (12128): Elaborating entity "display_mode_manager" for hierarchy "display_mode_manager:u_disp_mode" File: D:/clock_verify/BT_TKS/control2/control_controller.v Line: 48
Info (12128): Elaborating entity "edit_field_selector" for hierarchy "edit_field_selector:u_field_selector" File: D:/clock_verify/BT_TKS/control2/control_controller.v Line: 58
Info (12128): Elaborating entity "btn_handler" for hierarchy "btn_handler:u_btn_up" File: D:/clock_verify/BT_TKS/control2/control_controller.v Line: 71
Info (12128): Elaborating entity "counter_controller" for hierarchy "counter_controller:u_counter_ctrl" File: D:/clock_verify/BT_TKS/control2/control_controller.v Line: 124
Info (12128): Elaborating entity "sec_counter" for hierarchy "counter_controller:u_counter_ctrl|sec_counter:my_sec" File: D:/clock_verify/BT_TKS/century_clock_main/counter_controller.v Line: 63
Warning (10230): Verilog HDL assignment warning at sec_counter.v(29): truncated value with size 32 to match size of target (6) File: D:/clock_verify/BT_TKS/century_clock_main/sec_counter.v Line: 29
Warning (10230): Verilog HDL assignment warning at sec_counter.v(55): truncated value with size 6 to match size of target (4) File: D:/clock_verify/BT_TKS/century_clock_main/sec_counter.v Line: 55
Warning (10230): Verilog HDL assignment warning at sec_counter.v(59): truncated value with size 32 to match size of target (4) File: D:/clock_verify/BT_TKS/century_clock_main/sec_counter.v Line: 59
Warning (10230): Verilog HDL assignment warning at sec_counter.v(63): truncated value with size 32 to match size of target (4) File: D:/clock_verify/BT_TKS/century_clock_main/sec_counter.v Line: 63
Warning (10230): Verilog HDL assignment warning at sec_counter.v(67): truncated value with size 32 to match size of target (4) File: D:/clock_verify/BT_TKS/century_clock_main/sec_counter.v Line: 67
Warning (10230): Verilog HDL assignment warning at sec_counter.v(71): truncated value with size 32 to match size of target (4) File: D:/clock_verify/BT_TKS/century_clock_main/sec_counter.v Line: 71
Warning (10230): Verilog HDL assignment warning at sec_counter.v(74): truncated value with size 32 to match size of target (4) File: D:/clock_verify/BT_TKS/century_clock_main/sec_counter.v Line: 74
Info (12128): Elaborating entity "min_counter" for hierarchy "counter_controller:u_counter_ctrl|min_counter:my_min" File: D:/clock_verify/BT_TKS/century_clock_main/counter_controller.v Line: 74
Warning (10230): Verilog HDL assignment warning at min_counter.v(52): truncated value with size 6 to match size of target (4) File: D:/clock_verify/BT_TKS/century_clock_main/min_counter.v Line: 52
Warning (10230): Verilog HDL assignment warning at min_counter.v(56): truncated value with size 32 to match size of target (4) File: D:/clock_verify/BT_TKS/century_clock_main/min_counter.v Line: 56
Warning (10230): Verilog HDL assignment warning at min_counter.v(60): truncated value with size 32 to match size of target (4) File: D:/clock_verify/BT_TKS/century_clock_main/min_counter.v Line: 60
Warning (10230): Verilog HDL assignment warning at min_counter.v(64): truncated value with size 32 to match size of target (4) File: D:/clock_verify/BT_TKS/century_clock_main/min_counter.v Line: 64
Warning (10230): Verilog HDL assignment warning at min_counter.v(68): truncated value with size 32 to match size of target (4) File: D:/clock_verify/BT_TKS/century_clock_main/min_counter.v Line: 68
Warning (10230): Verilog HDL assignment warning at min_counter.v(71): truncated value with size 32 to match size of target (4) File: D:/clock_verify/BT_TKS/century_clock_main/min_counter.v Line: 71
Info (12128): Elaborating entity "hour_counter" for hierarchy "counter_controller:u_counter_ctrl|hour_counter:my_hr" File: D:/clock_verify/BT_TKS/century_clock_main/counter_controller.v Line: 85
Warning (10230): Verilog HDL assignment warning at hour_counter.v(52): truncated value with size 5 to match size of target (4) File: D:/clock_verify/BT_TKS/century_clock_main/hour_counter.v Line: 52
Warning (10230): Verilog HDL assignment warning at hour_counter.v(56): truncated value with size 32 to match size of target (4) File: D:/clock_verify/BT_TKS/century_clock_main/hour_counter.v Line: 56
Warning (10230): Verilog HDL assignment warning at hour_counter.v(60): truncated value with size 32 to match size of target (4) File: D:/clock_verify/BT_TKS/century_clock_main/hour_counter.v Line: 60
Info (12128): Elaborating entity "day_counter" for hierarchy "counter_controller:u_counter_ctrl|day_counter:my_day" File: D:/clock_verify/BT_TKS/century_clock_main/counter_controller.v Line: 97
Warning (10230): Verilog HDL assignment warning at day_counter.v(90): truncated value with size 5 to match size of target (4) File: D:/clock_verify/BT_TKS/century_clock_main/day_counter.v Line: 90
Warning (10230): Verilog HDL assignment warning at day_counter.v(94): truncated value with size 32 to match size of target (4) File: D:/clock_verify/BT_TKS/century_clock_main/day_counter.v Line: 94
Warning (10230): Verilog HDL assignment warning at day_counter.v(98): truncated value with size 32 to match size of target (4) File: D:/clock_verify/BT_TKS/century_clock_main/day_counter.v Line: 98
Warning (10230): Verilog HDL assignment warning at day_counter.v(102): truncated value with size 32 to match size of target (4) File: D:/clock_verify/BT_TKS/century_clock_main/day_counter.v Line: 102
Info (12128): Elaborating entity "month_counter" for hierarchy "counter_controller:u_counter_ctrl|month_counter:my_month" File: D:/clock_verify/BT_TKS/century_clock_main/counter_controller.v Line: 109
Warning (10230): Verilog HDL assignment warning at month_counter.v(56): truncated value with size 32 to match size of target (4) File: D:/clock_verify/BT_TKS/century_clock_main/month_counter.v Line: 56
Info (12128): Elaborating entity "year_counter" for hierarchy "counter_controller:u_counter_ctrl|year_counter:my_year" File: D:/clock_verify/BT_TKS/century_clock_main/counter_controller.v Line: 122
Info (12128): Elaborating entity "leap_year_detector" for hierarchy "counter_controller:u_counter_ctrl|leap_year_detector:my_leap" File: D:/clock_verify/BT_TKS/century_clock_main/counter_controller.v Line: 131
Info (12128): Elaborating entity "hundreds_thousands_bin" for hierarchy "counter_controller:u_counter_ctrl|leap_year_detector:my_leap|hundreds_thousands_bin:my_hundreds_thousands_bin" File: D:/clock_verify/BT_TKS/century_clock_main/leap_year_detector.v Line: 26
Info (12128): Elaborating entity "blink_selector" for hierarchy "blink_selector:u_blink_sel" File: D:/clock_verify/BT_TKS/control2/control_controller.v Line: 136
Info (12128): Elaborating entity "display_controller" for hierarchy "display_controller:u_disp_ctrl" File: D:/clock_verify/BT_TKS/control2/control_controller.v Line: 159
Info (12128): Elaborating entity "digit_selector" for hierarchy "display_controller:u_disp_ctrl|digit_selector:my_digit_sel" File: D:/clock_verify/BT_TKS/display/display_controller.v Line: 54
Info (12128): Elaborating entity "bcd_to_7seg" for hierarchy "display_controller:u_disp_ctrl|bcd_to_7seg:my_seg0" File: D:/clock_verify/BT_TKS/display/display_controller.v Line: 62
Info (12128): Elaborating entity "blink_mask_applier" for hierarchy "display_controller:u_disp_ctrl|blink_mask_applier:my_blink_apply" File: D:/clock_verify/BT_TKS/display/display_controller.v Line: 86
Info (13000): Registers with preset signals will power-up high File: D:/clock_verify/BT_TKS/display/blink_selector.v Line: 24
Info (13003): DEV_CLRn pin will set, and not reset, register with preset signal due to NOT Gate Push-Back
Info (286030): Timing-Driven Synthesis is running
Info (16010): Generating hard_block partition "hard_block:auto_generated_inst"
    Info (16011): Adding 0 node(s), including 0 DDIO, 0 PLL, 0 transceiver and 0 LCELL
Info (21057): Implemented 605 device resources after synthesis - the final resource count might be different
    Info (21058): Implemented 10 input pins
    Info (21059): Implemented 56 output pins
    Info (21061): Implemented 539 logic cells
Info: Quartus Prime Analysis & Synthesis was successful. 0 errors, 26 warnings
    Info: Peak virtual memory: 4870 megabytes
    Info: Processing ended: Wed Aug 26 18:05:41 2026
    Info: Elapsed time: 00:00:10
    Info: Total CPU time (on all processors): 00:00:21


